[
  [
    {
      "text": "Mock OCR result text for testing purposes. This text simulates OCR output.",
      "confidence": 1,
      "pageNumber": 1,
      "dimensions": {
        "width": 800,
        "height": 600,
        "dpi": 300
      },
      "processingTime": 1,
      "boundingBox": {
        "x": 0,
        "y": 0,
        "width": 800,
        "height": 600
      }
    }
  ]
]